// Jest Snapshot v1, https://goo.gl/fbAQLP

exports[`Content.vue matches snapshot 1`] = `
<div class="content">
  <p><strong>html string</strong></p>
</div>
`;
