// Jest Snapshot v1, https://goo.gl/fbAQLP

exports[`Header.vue matches snapshot 1`] = `
<header class="header block">
    <!---->
</header>
`;
